[H[J[3J[1;36m
  __   __ _____      _  __     __
  \ \ / /|  __ \    / \|  \   /  |
   \ V / | |__) |  / _ \   \ /   |
    > <  |  _  /  / ___ \   V    |
   /_/ \_| | \ \ /_/   \_\  |    |
         XRAY PREMIUM
[0m
[1;34m=======================================================[0m
   DATA VPS : [1;33m35.224.132.190[0m | [1;35mvpstunnel.com[0m
   TIME     : [1;37m00:12:47[0m | [1;37m28-01-2026[0m
[1;34m=======================================================[0m
[44m[1;37m               SERVICE STATUS INFORMATION              [0m
 SSH                  : [1;32mON[0m  | NGINX                : [1;31mOFF[0m
 HAPROXY              : [1;31mOFF[0m | WS-ePro              : [1;31mOFF[0m
 XRAY                 : [1;31mOFF[0m | DROPBEAR             : [1;31mOFF[0m
[41m[1;37m                  ACCOUNT INFORMATION                  [0m
 SSH/OVPN             : [1;32m1[0m Account
 VMESS                : [1;32m0[0m Account
 VLESS                : [1;32m0[0m Account
 TROJAN               : [1;32m0[0m Account
 SHADOW               : [1;32m0[0m Account
[1;34m=======================================================[0m
 [[1;32m01[0m] MENU SSH VIP        [[1;32m02[0m] MENU VMESS
 [[1;32m03[0m] MENU VLESS          [[1;32m04[0m] MENU TROJAN
 [[1;32m05[0m] MENU SHADOW         [[1;32m06[0m] MENU TRIAL
 [[1;32m07[0m] CEK RAM/CPU         [[1;32m08[0m] DEL ALL EXP
 [[1;32m25[0m] CHANGE BANNER       [[1;32m09[0m] AUTO REBOOT
 [[1;32m10[0m] MENU PORT           [[1;32m11[0m] SPEEDTEST
 [[1;32m12[0m] RUNNING CEK         [[1;32m13[0m] CLEAR LOG
 [[1;32m14[0m] CREATE SLOW         [[1;32m15[0m] BCKP/RSTR
 [[1;32m16[0m] REBOOT VPS          [[1;32m17[0m] RESTART VPS
 [[1;32m18[0m] SET DOMAIN          [[1;32m19[0m] CERT SSL
 [[1;32m20[0m] INSTALL UDP         [[1;32m21[0m] CLEAR CACHE
 [[1;32m22[0m] CEK BANDWITH        [[1;32m23[0m] UP SCRIPT
 [[1;32m24[0m] MENU BOT VIP        [[1;32m26[0m] LOG CREATE USER
 [[1;32mx[0m] EXIT SCRIPT
[1;34m=======================================================[0m
 Version      : [1;32mV2.4 (Last Update)[0m
 Status       : [1;32mActive[0m
 Expired      : [1;31mUnknown[0m
[1;34m=======================================================[0m
 [1;33mSelect Menu [01-26 or x]: [0m[1;31mExiting...[0m
